Microchip MPLAB XC8 Compiler V1.33 ()

Linker command line:

--edf=/opt/microchip/xc8/v1.33/dat/en_msgs.txt -cs \
  -h+dist/default/production/lcd18f.X.production.sym \
  --cmf=dist/default/production/lcd18f.X.production.cmf -z -Q18F2550 \
  -o/tmp/cgtdsJKgC -Mdist/default/production/lcd18f.X.production.map -E1 \
  -ver=XC8 -ASTACK=07Ch-07ffh -pstack=STACK -ACODE=00h-07FFFh \
  -ACONST=00h-07FFFh -ASMALLCONST=0800h-08FFhx120 \
  -AMEDIUMCONST=0800h-07FFFh -ACOMRAM=01h-05Fh -AABS1=00h-07FFh \
  -ABIGRAM=01h-07FFh -ARAM=060h-0FFh,0100h-01FFhx7 -ABANK0=060h-0FFh \
  -ABANK1=0100h-01FFh -ABANK2=0200h-02FFh -ABANK3=0300h-03FFh \
  -ABANK4=0400h-04FFh -ABANK5=0500h-05FFh -ABANK6=0600h-06FFh \
  -ABANK7=0700h-07FFh -ASFR=0F60h-0FFFh \
  -preset_vec=00h,intcode=08h,intcodelo,powerup,init,end_init \
  -pramtop=0800h -psmallconst=SMALLCONST -pmediumconst=MEDIUMCONST \
  -pconst=CONST -AFARRAM=00h-00h -ACONFIG=0300000h-030000Dh -pconfig=CONFIG \
  -AIDLOC=0200000h-0200007h -pidloc=IDLOC -AEEDATA=0F00000h-0F000FFh \
  -peeprom_data=EEDATA \
  -prdata=COMRAM,nvrram=COMRAM,nvbit=COMRAM,rbss=COMRAM,rbit=COMRAM \
  -pfarbss=FARRAM,fardata=FARRAM,nvFARRAM=FARRAM \
  -pintsave_regs=BIGRAM,bigbss=BIGRAM,bigdata=BIGRAM -pbss=RAM \
  -pidata=CODE,irdata=CODE,ibigdata=CODE,ifardata=CODE /tmp/cgt77Cr7E.obj \
  dist/default/production/lcd18f.X.production.obj 

Object code version is 3.11

Machine type is 18F2550

Call graph: (short form)




                Name                               Link     Load   Length Selector   Space Scale
/tmp/cgt77Cr7E.obj
                end_init                             18       18        4        4       0
                reset_vec                             0        0        4        0       0
                idloc                            200000   200000        8   200000       0
                config                           300000   300000        E   300000       0
dist/default/production/lcd18f.X.production.obj
                intcode                               8        8       10        4       0
                mediumconst                        7D8A     7D8A      276     3EC5       0
                intcode_body                       1036     1036       92        4       0
                text20                             1262     1262       6C        4       0
                text19                             12CE     12CE       68        4       0
                text18                             1158     1158       88        4       0
                text17                             14B8     14B8        C        4       0
                text16                             143C     143C       2C        4       0
                text15                             1410     1410       2C        4       0
                text14                             138C     138C       44        4       0
                text13                             13D0     13D0       40        4       0
                text12                              DFE      DFE      100        4       0
                text11                             1468     1468       22        4       0
                text10                              FA2      FA2       94        4       0
                text9                               EFE      EFE       A4        4       0
                text8                              10C8     10C8       90        4       0
                text7                               CBC      CBC      142        4       0
                text6                               B5E      B5E      15E        4       0
                text5                               9DE      9DE      180        4       0
                text4                               82E      82E      1B0        4       0
                text3                               49E      49E      390        4       0
                text2                              11E0     11E0       82        4       0
                text1                              148A     148A       1E        4       0
                text0                                1C       1C      482        4       0
                cstackCOMRAM                         31       31       1A        1       1
                cstackBANK0                          70       70        C       60       1
                dataBANK0                            60       60       10       60       1
                dataCOMRAM                           4B       4B        6        1       1
                bssCOMRAM                             1        1       30        1       1
                cinit                              1336     1336       56        4       0
                nvCOMRAM                             51       51        1        1       1
                idataBANK0                         14A8     14A8       10        4       0
                idataCOMRAM                        14C4     14C4        6        4       0

TOTAL           Name                               Link     Load   Length     Space
        CLASS   STACK          

        CLASS   CODE           
                end_init                             18       18        4         0
                intcode                               8        8       10         0
                reset_vec                             0        0        4         0
                intcode_body                       1036     1036       92         0
                text20                             1262     1262       6C         0
                text19                             12CE     12CE       68         0
                text18                             1158     1158       88         0
                text17                             14B8     14B8        C         0
                text16                             143C     143C       2C         0
                text15                             1410     1410       2C         0
                text14                             138C     138C       44         0
                text13                             13D0     13D0       40         0
                text12                              DFE      DFE      100         0
                text11                             1468     1468       22         0
                text10                              FA2      FA2       94         0
                text9                               EFE      EFE       A4         0
                text8                              10C8     10C8       90         0
                text7                               CBC      CBC      142         0
                text6                               B5E      B5E      15E         0
                text5                               9DE      9DE      180         0
                text4                               82E      82E      1B0         0
                text3                               49E      49E      390         0
                text2                              11E0     11E0       82         0
                text1                              148A     148A       1E         0
                text0                                1C       1C      482         0
                cinit                              1336     1336       56         0
                idataBANK0                         14A8     14A8       10         0
                idataCOMRAM                        14C4     14C4        6         0

        CLASS   CONST          

        CLASS   SMALLCONST     

        CLASS   MEDIUMCONST    
                mediumconst                        7D8A     7D8A      276         0

        CLASS   COMRAM         
                cstackCOMRAM                         31       31       1A         1
                dataCOMRAM                           4B       4B        6         1
                bssCOMRAM                             1        1       30         1
                nvCOMRAM                             51       51        1         1

        CLASS   ABS1           

        CLASS   BIGRAM         

        CLASS   RAM            

        CLASS   BANK0          
                cstackBANK0                          70       70        C         1
                dataBANK0                            60       60       10         1

        CLASS   BANK1          

        CLASS   BANK2          

        CLASS   BANK3          

        CLASS   BANK4          

        CLASS   BANK5          

        CLASS   BANK6          

        CLASS   BANK7          

        CLASS   SFR            

        CLASS   FARRAM         

        CLASS   CONFIG         
                config                           300000   300000        E         0

        CLASS   IDLOC          
                idloc                            200000   200000        8         0

        CLASS   EEDATA         



SEGMENTS        Name                           Load    Length   Top    Selector   Space  Class

                reset_vec                      000000  000004  000004         0       0  CODE    
                bssCOMRAM                      000001  000051  000052         1       1  COMRAM  
                intcode                        000008  0014C2  0014CA         4       0  CODE    
                dataBANK0                      000060  00001C  00007C        60       1  BANK0   
                mediumconst                    007D8A  000276  008000      3EC5       0  MEDIUMCO
                idloc                          200000  000008  200008    200000       0  IDLOC   
                config                         300000  00000E  30000E    300000       0  CONFIG  


UNUSED ADDRESS RANGES

        Name                Unused          Largest block    Delta
        BANK0            00007C-0000FF               84
        BANK1            000100-0001FF              100
        BANK2            000200-0002FF              100
        BANK3            000300-0003FF              100
        BANK4            000400-0004FF              100
        BANK5            000500-0005FF              100
        BANK6            000600-0006FF              100
        BANK7            000700-0007FF              100
        BIGRAM           000052-00005F                E
                         00007C-0007FF              784
        CODE             000004-000007                4
                         0014CA-007D89             68C0
        COMRAM           000052-00005F                E
        CONST            000004-000007                4
                         0014CA-007D89             68C0
        EEDATA           F00000-F000FF              100
        MEDIUMCONST      0014CA-007D89             68C0
        RAM              00007C-0007FF              100
        SFR              000F60-000FFF               A0
        SMALLCONST       0014CA-007D89              100
        STACK            00007C-0007FF              784

                                  Symbol Table

?___awdiv                  cstackCOMRAM 00003F
?___awmod                  cstackCOMRAM 00003F
LCDBusyLoop@busy           cstackCOMRAM 00003F
LCDBusyLoop@status         cstackCOMRAM 000041
LCDBusyLoop@temp           cstackCOMRAM 000040
LCDByte@c                  cstackCOMRAM 000046
LCDByte@hn                 cstackCOMRAM 000044
LCDByte@isdata             cstackCOMRAM 000042
LCDByte@ln                 cstackCOMRAM 000045
LCDByte@temp               cstackCOMRAM 000047
LCDGotoXY@x                cstackCOMRAM 000049
LCDGotoXY@y                cstackCOMRAM 000048
LCDInit@__i                cstackCOMRAM 000049
LCDInit@style              cstackCOMRAM 000048
LCDLoadCostum@__i          cstackCOMRAM 000049
LCDLoadCostum@select       cstackCOMRAM 000048
LCDWriteBin@F4938          bssCOMRAM    000001
LCDWriteHex@F4943          bssCOMRAM    000016
LCDWriteInt@F4932          bssCOMRAM    000011
LCDWriteInt@field_length   cstackCOMRAM 00004A
LCDWriteInt@i              cstackBANK0  000079
LCDWriteInt@j              cstackBANK0  000077
LCDWriteInt@str            cstackBANK0  000072
LCDWriteInt@val            cstackCOMRAM 000048
LCDWriteString@cc          cstackBANK0  000070
LCDWriteString@msg         cstackCOMRAM 000048
_ADCON1bits                (abs)        000FC1
_BAUDCONbits               (abs)        000FB8
_INTCONbits                (abs)        000FF2
_ISR                       intcode      000008
_LCDBusyLoop               text20       001262
_LCDByte                   text19       0012CE
_LCDGotoXY                 text13       0013D0
_LCDInit                   text18       001158
_LCDLoadCostum             text6        000B5E
_LCDWriteInt               text7        000CBC
_LCDWriteString            text12       000DFE
_PIE1bits                  (abs)        000F9D
_PIR1bits                  (abs)        000F9E
_PORTA                     (abs)        000F80
_PORTAbits                 (abs)        000F80
_PORTB                     (abs)        000F81
_PORTBbits                 (abs)        000F81
_PORTCbits                 (abs)        000F82
_PR2                       (abs)        000FCB
_RCIF                      (abs)        007CF5
_RCREG                     (abs)        000FAE
_RCSTAbits                 (abs)        000FAB
_SPBRG                     (abs)        000FAF
_T0CONbits                 (abs)        000FD5
_T2CONbits                 (abs)        000FCA
_TMR0L                     (abs)        000FD6
_TRISA                     (abs)        000F92
_TRISB                     (abs)        000F93
_TRISC                     (abs)        000F94
_TRISCbits                 (abs)        000F94
_TXREG                     (abs)        000FAD
_TXSTAbits                 (abs)        000FAC
__CFG_BOR$OFF              (abs)        000000
__CFG_BORV$3               (abs)        000000
__CFG_CCP2MX$OFF           (abs)        000000
__CFG_CP0$OFF              (abs)        000000
__CFG_CP1$OFF              (abs)        000000
__CFG_CP2$OFF              (abs)        000000
__CFG_CP3$OFF              (abs)        000000
__CFG_CPB$OFF              (abs)        000000
__CFG_CPD$OFF              (abs)        000000
__CFG_CPUDIV$OSC1_PLL2     (abs)        000000
__CFG_EBTR0$OFF            (abs)        000000
__CFG_EBTR1$OFF            (abs)        000000
__CFG_EBTR2$OFF            (abs)        000000
__CFG_EBTR3$OFF            (abs)        000000
__CFG_EBTRB$OFF            (abs)        000000
__CFG_FCMEN$OFF            (abs)        000000
__CFG_FOSC$HSPLL_HS        (abs)        000000
__CFG_IESO$OFF             (abs)        000000
__CFG_LPT1OSC$OFF          (abs)        000000
__CFG_LVP$ON               (abs)        000000
__CFG_MCLRE$ON             (abs)        000000
__CFG_PBADEN$OFF           (abs)        000000
__CFG_PLLDIV$5             (abs)        000000
__CFG_PWRT$OFF             (abs)        000000
__CFG_STVREN$ON            (abs)        000000
__CFG_USBDIV$2             (abs)        000000
__CFG_VREGEN$OFF           (abs)        000000
__CFG_WDT$OFF              (abs)        000000
__CFG_WDTPS$32768          (abs)        000000
__CFG_WRT0$OFF             (abs)        000000
__CFG_WRT1$OFF             (abs)        000000
__CFG_WRT2$OFF             (abs)        000000
__CFG_WRT3$OFF             (abs)        000000
__CFG_WRTB$OFF             (abs)        000000
__CFG_WRTC$OFF             (abs)        000000
__CFG_WRTD$OFF             (abs)        000000
__CFG_XINST$OFF            (abs)        000000
__HRAM                     (abs)        000000
__Habs1                    abs1         000000
__Hbank0                   bank0        000000
__Hbank1                   bank1        000000
__Hbank2                   bank2        000000
__Hbank3                   bank3        000000
__Hbank4                   bank4        000000
__Hbank5                   bank5        000000
__Hbank6                   bank6        000000
__Hbank7                   bank7        000000
__Hbigbss                  bigbss       000000
__Hbigdata                 bigdata      000000
__Hbigram                  bigram       000000
__Hbss                     bss          000000
__HbssCOMRAM               bssCOMRAM    000000
__Hcinit                   cinit        000000
__Hclrtext                 clrtext      000000
__Hcomram                  comram       000000
__Hconfig                  config       30000E
__Hconst                   const        000000
__HcstackBANK0             cstackBANK0  000000
__HcstackCOMRAM            cstackCOMRAM 000000
__Hdata                    data         000000
__HdataBANK0               dataBANK0    000000
__HdataCOMRAM              dataCOMRAM   000000
__Heeprom_data             eeprom_data  000000
__Hend_init                end_init     00001C
__Hfarbss                  farbss       000000
__Hfardata                 fardata      000000
__Hibigdata                ibigdata     000000
__Hidata                   idata        000000
__HidataBANK0              idataBANK0   000000
__HidataCOMRAM             idataCOMRAM  000000
__Hidloc                   idloc        200008
__Hifardata                ifardata     000000
__Hinit                    init         000018
__Hintcode                 intcode      000018
__Hintcode_body            intcode_body 000000
__Hintcodelo               intcodelo    000018
__Hintentry                intentry     000000
__Hintret                  intret       000000
__Hintsave_regs            intsave_regs 000000
__Hirdata                  irdata       000000
__Hmediumconst             mediumconst  008000
__HnvCOMRAM                nvCOMRAM     000000
__HnvFARRAM                nvFARRAM     000000
__Hnvbit                   nvbit        000000
__Hnvrram                  nvrram       000000
__Hparam                   rparam       000000
__Hpowerup                 powerup      000018
__Hram                     ram          000000
__Hramtop                  ramtop       000800
__Hrbit                    rbit         000000
__Hrbss                    rbss         000000
__Hrdata                   rdata        000000
__Hreset_vec               reset_vec    000004
__Hrparam                  rparam       000000
__Hsfr                     sfr          000000
__Hsmallconst              smallconst   000000
__Hspace_0                 (abs)        30000E
__Hspace_1                 (abs)        00007C
__Hspace_2                 (abs)        000000
__Hstack                   stack        000000
__Hstruct                  struct       000000
__Htemp                    temp         000000
__Htext                    text         000000
__Htext0                   text0        000000
__Htext1                   text1        000000
__Htext10                  text10       000000
__Htext11                  text11       000000
__Htext12                  text12       000000
__Htext13                  text13       000000
__Htext14                  text14       000000
__Htext15                  text15       000000
__Htext16                  text16       000000
__Htext17                  text17       000000
__Htext18                  text18       000000
__Htext19                  text19       000000
__Htext2                   text2        000000
__Htext20                  text20       000000
__Htext3                   text3        000000
__Htext4                   text4        000000
__Htext5                   text5        000000
__Htext6                   text6        000000
__Htext7                   text7        000000
__Htext8                   text8        000000
__Htext9                   text9        000000
__LRAM                     (abs)        000001
__Labs1                    abs1         000000
__Lbank0                   bank0        000000
__Lbank1                   bank1        000000
__Lbank2                   bank2        000000
__Lbank3                   bank3        000000
__Lbank4                   bank4        000000
__Lbank5                   bank5        000000
__Lbank6                   bank6        000000
__Lbank7                   bank7        000000
__Lbigbss                  bigbss       000000
__Lbigdata                 bigdata      000000
__Lbigram                  bigram       000000
__Lbss                     bss          000000
__LbssCOMRAM               bssCOMRAM    000000
__Lcinit                   cinit        000000
__Lclrtext                 clrtext      000000
__Lcomram                  comram       000000
__Lconfig                  config       300000
__Lconst                   const        000000
__LcstackBANK0             cstackBANK0  000000
__LcstackCOMRAM            cstackCOMRAM 000000
__Ldata                    data         000000
__LdataBANK0               dataBANK0    000000
__LdataCOMRAM              dataCOMRAM   000000
__Leeprom_data             eeprom_data  000000
__Lend_init                end_init     000018
__Lfarbss                  farbss       000000
__Lfardata                 fardata      000000
__Libigdata                ibigdata     000000
__Lidata                   idata        000000
__LidataBANK0              idataBANK0   000000
__LidataCOMRAM             idataCOMRAM  000000
__Lidloc                   idloc        200000
__Lifardata                ifardata     000000
__Linit                    init         000018
__Lintcode                 intcode      000008
__Lintcode_body            intcode_body 000000
__Lintcodelo               intcodelo    000018
__Lintentry                intentry     000000
__Lintret                  intret       000000
__Lintsave_regs            intsave_regs 000000
__Lirdata                  irdata       000000
__Lmediumconst             mediumconst  007D8A
__LnvCOMRAM                nvCOMRAM     000000
__LnvFARRAM                nvFARRAM     000000
__Lnvbit                   nvbit        000000
__Lnvrram                  nvrram       000000
__Lparam                   rparam       000000
__Lpowerup                 powerup      000018
__Lram                     ram          000000
__Lramtop                  ramtop       000800
__Lrbit                    rbit         000000
__Lrbss                    rbss         000000
__Lrdata                   rdata        000000
__Lreset_vec               reset_vec    000000
__Lrparam                  rparam       000000
__Lsfr                     sfr          000000
__Lsmallconst              smallconst   000000
__Lspace_0                 (abs)        000000
__Lspace_1                 (abs)        000000
__Lspace_2                 (abs)        000000
__Lstack                   stack        000000
__Lstruct                  struct       000000
__Ltemp                    temp         000000
__Ltext                    text         000000
__Ltext0                   text0        000000
__Ltext1                   text1        000000
__Ltext10                  text10       000000
__Ltext11                  text11       000000
__Ltext12                  text12       000000
__Ltext13                  text13       000000
__Ltext14                  text14       000000
__Ltext15                  text15       000000
__Ltext16                  text16       000000
__Ltext17                  text17       000000
__Ltext18                  text18       000000
__Ltext19                  text19       000000
__Ltext2                   text2        000000
__Ltext20                  text20       000000
__Ltext3                   text3        000000
__Ltext4                   text4        000000
__Ltext5                   text5        000000
__Ltext6                   text6        000000
__Ltext7                   text7        000000
__Ltext8                   text8        000000
__Ltext9                   text9        000000
__S0                       (abs)        30000E
__S1                       (abs)        00007C
__S2                       (abs)        000000
___HexVal                  dataBANK0    000060
___awdiv                   text9        000EFE
___awdiv@counter           cstackCOMRAM 000043
___awdiv@dividend          cstackCOMRAM 00003F
___awdiv@divisor           cstackCOMRAM 000041
___awdiv@quotient          cstackCOMRAM 000045
___awdiv@sign              cstackCOMRAM 000044
___awmod                   text8        0010C8
___awmod@counter           cstackCOMRAM 000043
___awmod@dividend          cstackCOMRAM 00003F
___awmod@divisor           cstackCOMRAM 000041
___awmod@sign              cstackCOMRAM 000044
___brght                   mediumconst  007ECB
___costum0                 mediumconst  007D8B
___costum1                 mediumconst  007DCB
___costum2                 mediumconst  007E0B
___costum3                 mediumconst  007E4B
___costum4                 mediumconst  007E8B
___inthi_sp                stack        000000
___intlo_sp                stack        000000
___sp                      stack        000000
__accesstop                (abs)        000060
__activetblptr             (abs)        000002
__delay_10ms               text11       001468
__delay_10ms@length        cstackCOMRAM 00003F
__end_of_ISR               intcode_body 0010C8
__end_of_LCDBusyLoop       text20       0012CE
__end_of_LCDByte           text19       001336
__end_of_LCDGotoXY         text13       001410
__end_of_LCDInit           text18       0011E0
__end_of_LCDLoadCostum     text6        000CBC
__end_of_LCDWriteInt       text7        000DFE
__end_of_LCDWriteString    text12       000EFE
__end_of___awdiv           text9        000FA2
__end_of___awmod           text8        001158
__end_of___brght           mediumconst  007EDA
__end_of___costum0         mediumconst  007DCB
__end_of___costum1         mediumconst  007E0B
__end_of___costum2         mediumconst  007E4B
__end_of___costum3         mediumconst  007E8B
__end_of___costum4         mediumconst  007ECB
__end_of__delay_10ms       text11       00148A
__end_of__initialization   cinit        001382
__end_of__stringdata       mediumconst  007FFE
__end_of_enable_uart_m     text17       0014C4
__end_of_init_pic          text14       0013D0
__end_of_init_timer0       text16       001468
__end_of_init_uart_m       text15       00143C
__end_of_lcd_connection    text5        000B5E
__end_of_lcd_screensaver   text4        0009DE
__end_of_lcd_start_up      text10       001036
__end_of_lcd_update        text3        00082E
__end_of_main              text0        00049E
__end_of_read_buttons      text2        001262
__end_of_uart_write_block  text1        0014A8
__initialization           cinit        001336
__mediumconst              mediumconst  007D8A
__pbssCOMRAM               bssCOMRAM    000001
__pcinit                   cinit        001336
__pcstackBANK0             cstackBANK0  000070
__pcstackCOMRAM            cstackCOMRAM 000031
__pdataBANK0               dataBANK0    000060
__pdataCOMRAM              dataCOMRAM   00004B
__pidataBANK0              idataBANK0   0014A8
__pidataCOMRAM             idataCOMRAM  0014C4
__pintcode                 intcode      000008
__pintcode_body            intcode_body 001036
__pmediumconst             mediumconst  007D8A
__pnvCOMRAM                nvCOMRAM     000051
__ptext0                   text0        00001C
__ptext1                   text1        00148A
__ptext10                  text10       000FA2
__ptext11                  text11       001468
__ptext12                  text12       000DFE
__ptext13                  text13       0013D0
__ptext14                  text14       00138C
__ptext15                  text15       001410
__ptext16                  text16       00143C
__ptext17                  text17       0014B8
__ptext18                  text18       001158
__ptext19                  text19       0012CE
__ptext2                   text2        0011E0
__ptext20                  text20       001262
__ptext3                   text3        00049E
__ptext4                   text4        00082E
__ptext5                   text5        0009DE
__ptext6                   text6        000B5E
__ptext7                   text7        000CBC
__ptext8                   text8        0010C8
__ptext9                   text9        000EFE
__ramtop                   ramtop       000800
__size_of_ISR              (abs)        000000
__size_of_LCDBusyLoop      (abs)        000000
__size_of_LCDByte          (abs)        000000
__size_of_LCDGotoXY        (abs)        000000
__size_of_LCDInit          (abs)        000000
__size_of_LCDLoadCostum    (abs)        000000
__size_of_LCDWriteInt      (abs)        000000
__size_of_LCDWriteString   (abs)        000000
__size_of___awdiv          (abs)        000000
__size_of___awmod          (abs)        000000
__size_of__delay_10ms      (abs)        000000
__size_of_enable_uart_m    (abs)        000000
__size_of_init_pic         (abs)        000000
__size_of_init_timer0      (abs)        000000
__size_of_init_uart_m      (abs)        000000
__size_of_lcd_connection   (abs)        000000
__size_of_lcd_screensaver  (abs)        000000
__size_of_lcd_start_up     (abs)        000000
__size_of_lcd_update       (abs)        000000
__size_of_main             (abs)        000000
__size_of_read_buttons     (abs)        000000
__size_of_uart_write_block (abs)        000000
__smallconst               smallconst   000000
__stringdata               mediumconst  007EDA
_brightness                nvCOMRAM     000051
_buttons_change            bssCOMRAM    000018
_buttons_new               bssCOMRAM    000019
_buttons_old               bssCOMRAM    00001A
_enable_uart_m             text17       0014B8
_first                     bssCOMRAM    00001B
_fsm_new_state             bssCOMRAM    00001C
_fsm_old_state             bssCOMRAM    00001D
_i                         bssCOMRAM    00001E
_init_pic                  text14       00138C
_init_timer0               text16       00143C
_init_uart_m               text15       001410
_inputs                    bssCOMRAM    00001F
_j                         bssCOMRAM    000020
_lcd_connection            text5        0009DE
_lcd_screensaver           text4        00082E
_lcd_start_up              text10       000FA2
_lcd_update                text3        00049E
_main                      text0        00001C
_main_menu                 bssCOMRAM    000021
_new_data                  bssCOMRAM    000022
_read_buttons              text2        0011E0
_read_data                 bssCOMRAM    000023
_scrs                      bssCOMRAM    000024
_scrs_cnt                  bssCOMRAM    000025
_scrs_speed                bssCOMRAM    000026
_sub_menu                  bssCOMRAM    000027
_uart_block_count          bssCOMRAM    000028
_uart_rx_block             bssCOMRAM    000009
_uart_tx_block             bssCOMRAM    000029
_uart_write_block          text1        00148A
end_of_initialization      cinit        001382
init_timer0@eight_bit      cstackCOMRAM 000041
init_timer0@presc          cstackCOMRAM 00003F
init_timer0@presc_val      cstackCOMRAM 000040
init_uart_m@RX_inv         cstackCOMRAM 000042
init_uart_m@TX_inv         cstackCOMRAM 000041
init_uart_m@baud           cstackCOMRAM 00003F
int_func                   intcode_body 001036
intlevel0                  text         000000
intlevel1                  text         000000
intlevel2                  text         000000
intlevel3                  text         000000
lcd_start_up@F5019         dataCOMRAM   00004B
lcd_start_up@busy          cstackBANK0  000077
lcd_start_up@st            cstackBANK0  000079
lcd_start_up@start         cstackBANK0  000071
lcd_start_up@x_pos         cstackBANK0  000078
stackhi                    (abs)        0007FF
stacklo                    (abs)        00007C
start                      init         000018
start_initialization       cinit        001336
uart_write_block@data      cstackCOMRAM 00003F
uart_write_block@length    cstackCOMRAM 000041


FUNCTION INFORMATION:

 *************** function _main *****************
 Defined at:
		line 73 in file "main_lcd.c"
 Parameters:    Size  Location     Type
		None
 Auto vars:     Size  Location     Type
		None
 Return value:  Size  Location     Type
		None               void
 Registers used:
		wreg, fsr0l, fsr0h, fsr1l, fsr1h, fsr2l, fsr2h, status,2, status,0, tblptrl, tblptrh, tblptru, prodl, prodh, cstack
 Tracked objects:
		On entry : 
		On exit  : 
		Unchanged: 
 Data sizes:     COMRAM   BANK0   BANK1   BANK2   BANK3   BANK4   BANK5   BANK6   BANK7
      Params:         0       0       0       0       0       0       0       0       0
      Locals:         0       0       0       0       0       0       0       0       0
      Temps:          0       1       0       0       0       0       0       0       0
      Totals:         0       1       0       0       0       0       0       0       0
Total ram usage:        1 bytes
 Hardware stack levels required when called:    6
 This function calls:
		_LCDByte
		_LCDInit
		_enable_uart_m
		_init_pic
		_lcd_start_up
		_lcd_update
		_read_buttons
		_uart_write_block
 This function is called by:
		Startup code after reset
 This function uses a non-reentrant model


 *************** function _uart_write_block *****************
 Defined at:
		line 109 in file "../common_files/c/uart_m.c"
 Parameters:    Size  Location     Type
  data            2   14[COMRAM] PTR unsigned char 
		 -> uart_tx_block(8), 
  length          1   16[COMRAM] unsigned char 
 Auto vars:     Size  Location     Type
		None
 Return value:  Size  Location     Type
		None               void
 Registers used:
		wreg, fsr2l, fsr2h, status,2, status,0
 Tracked objects:
		On entry : 
		On exit  : 
		Unchanged: 
 Data sizes:     COMRAM   BANK0   BANK1   BANK2   BANK3   BANK4   BANK5   BANK6   BANK7
      Params:         3       0       0       0       0       0       0       0       0
      Locals:         0       0       0       0       0       0       0       0       0
      Temps:          0       0       0       0       0       0       0       0       0
      Totals:         3       0       0       0       0       0       0       0       0
Total ram usage:        3 bytes
 Hardware stack levels used:    1
 Hardware stack levels required when called:    1
 This function calls:
		Nothing
 This function is called by:
		_main
 This function uses a non-reentrant model


 *************** function _read_buttons *****************
 Defined at:
		line 428 in file "main_lcd.c"
 Parameters:    Size  Location     Type
		None
 Auto vars:     Size  Location     Type
		None
 Return value:  Size  Location     Type
                  1    wreg      unsigned char 
 Registers used:
		wreg, status,2, status,0
 Tracked objects:
		On entry : 
		On exit  : 
		Unchanged: 
 Data sizes:     COMRAM   BANK0   BANK1   BANK2   BANK3   BANK4   BANK5   BANK6   BANK7
      Params:         0       0       0       0       0       0       0       0       0
      Locals:         0       0       0       0       0       0       0       0       0
      Temps:          5       0       0       0       0       0       0       0       0
      Totals:         5       0       0       0       0       0       0       0       0
Total ram usage:        5 bytes
 Hardware stack levels used:    1
 Hardware stack levels required when called:    1
 This function calls:
		Nothing
 This function is called by:
		_main
 This function uses a non-reentrant model


 *************** function _lcd_update *****************
 Defined at:
		line 455 in file "main_lcd.c"
 Parameters:    Size  Location     Type
		None
 Auto vars:     Size  Location     Type
		None
 Return value:  Size  Location     Type
		None               void
 Registers used:
		wreg, fsr0l, fsr0h, fsr1l, fsr1h, fsr2l, fsr2h, status,2, status,0, tblptrl, tblptrh, tblptru, prodl, prodh, cstack
 Tracked objects:
		On entry : 
		On exit  : 
		Unchanged: 
 Data sizes:     COMRAM   BANK0   BANK1   BANK2   BANK3   BANK4   BANK5   BANK6   BANK7
      Params:         0       0       0       0       0       0       0       0       0
      Locals:         0       0       0       0       0       0       0       0       0
      Temps:          0       0       0       0       0       0       0       0       0
      Totals:         0       0       0       0       0       0       0       0       0
Total ram usage:        0 bytes
 Hardware stack levels used:    1
 Hardware stack levels required when called:    5
 This function calls:
		_LCDGotoXY
		_LCDWriteInt
		_LCDWriteString
		__delay_10ms
		_lcd_connection
		_lcd_screensaver
 This function is called by:
		_main
 This function uses a non-reentrant model


 *************** function _lcd_screensaver *****************
 Defined at:
		line 609 in file "main_lcd.c"
 Parameters:    Size  Location     Type
		None
 Auto vars:     Size  Location     Type
		None
 Return value:  Size  Location     Type
		None               void
 Registers used:
		wreg, fsr0l, fsr0h, status,2, status,0, tblptrl, tblptrh, tblptru, prodl, prodh, cstack
 Tracked objects:
		On entry : 
		On exit  : 
		Unchanged: 
 Data sizes:     COMRAM   BANK0   BANK1   BANK2   BANK3   BANK4   BANK5   BANK6   BANK7
      Params:         0       0       0       0       0       0       0       0       0
      Locals:         0       0       0       0       0       0       0       0       0
      Temps:          0       0       0       0       0       0       0       0       0
      Totals:         0       0       0       0       0       0       0       0       0
Total ram usage:        0 bytes
 Hardware stack levels used:    1
 Hardware stack levels required when called:    4
 This function calls:
		_LCDByte
		_LCDGotoXY
		_LCDLoadCostum
		_LCDWriteString
 This function is called by:
		_lcd_update
 This function uses a non-reentrant model


 *************** function _lcd_connection *****************
 Defined at:
		line 571 in file "main_lcd.c"
 Parameters:    Size  Location     Type
		None
 Auto vars:     Size  Location     Type
		None
 Return value:  Size  Location     Type
		None               void
 Registers used:
		wreg, fsr0l, fsr0h, status,2, status,0, tblptrl, tblptrh, tblptru, prodl, prodh, cstack
 Tracked objects:
		On entry : 
		On exit  : 
		Unchanged: 
 Data sizes:     COMRAM   BANK0   BANK1   BANK2   BANK3   BANK4   BANK5   BANK6   BANK7
      Params:         0       0       0       0       0       0       0       0       0
      Locals:         0       0       0       0       0       0       0       0       0
      Temps:          0       1       0       0       0       0       0       0       0
      Totals:         0       1       0       0       0       0       0       0       0
Total ram usage:        1 bytes
 Hardware stack levels used:    1
 Hardware stack levels required when called:    4
 This function calls:
		_LCDGotoXY
		_LCDLoadCostum
		_LCDWriteString
		__delay_10ms
 This function is called by:
		_lcd_update
 This function uses a non-reentrant model


 *************** function _LCDLoadCostum *****************
 Defined at:
		line 258 in file "lcd_hd44780.c"
 Parameters:    Size  Location     Type
  select          1    wreg     unsigned char 
 Auto vars:     Size  Location     Type
  select          1   23[COMRAM] unsigned char 
  __i             1   24[COMRAM] unsigned char 
 Return value:  Size  Location     Type
		None               void
 Registers used:
		wreg, status,2, status,0, tblptrl, tblptrh, tblptru, prodl, prodh, cstack
 Tracked objects:
		On entry : 
		On exit  : 
		Unchanged: 
 Data sizes:     COMRAM   BANK0   BANK1   BANK2   BANK3   BANK4   BANK5   BANK6   BANK7
      Params:         0       0       0       0       0       0       0       0       0
      Locals:         2       0       0       0       0       0       0       0       0
      Temps:          0       0       0       0       0       0       0       0       0
      Totals:         2       0       0       0       0       0       0       0       0
Total ram usage:        2 bytes
 Hardware stack levels used:    1
 Hardware stack levels required when called:    3
 This function calls:
		_LCDByte
 This function is called by:
		_lcd_connection
		_lcd_screensaver
 This function uses a non-reentrant model


 *************** function _LCDWriteInt *****************
 Defined at:
		line 383 in file "lcd_hd44780.c"
 Parameters:    Size  Location     Type
  val             2   23[COMRAM] int 
  field_length    1   25[COMRAM] char 
 Auto vars:     Size  Location     Type
  str             5    2[BANK0 ] unsigned char [5]
  i               2    9[BANK0 ] int 
  j               2    7[BANK0 ] int 
 Return value:  Size  Location     Type
		None               void
 Registers used:
		wreg, fsr1l, fsr1h, fsr2l, fsr2h, status,2, status,0, prodl, cstack
 Tracked objects:
		On entry : 
		On exit  : 
		Unchanged: 
 Data sizes:     COMRAM   BANK0   BANK1   BANK2   BANK3   BANK4   BANK5   BANK6   BANK7
      Params:         3       0       0       0       0       0       0       0       0
      Locals:         0       9       0       0       0       0       0       0       0
      Temps:          0       2       0       0       0       0       0       0       0
      Totals:         3      11       0       0       0       0       0       0       0
Total ram usage:       14 bytes
 Hardware stack levels used:    1
 Hardware stack levels required when called:    3
 This function calls:
		_LCDByte
		___awdiv
		___awmod
 This function is called by:
		_lcd_update
 This function uses a non-reentrant model


 *************** function ___awmod *****************
 Defined at:
		line 8 in file "/opt/microchip/xc8/v1.33/sources/common/awmod.c"
 Parameters:    Size  Location     Type
  dividend        2   14[COMRAM] int 
  divisor         2   16[COMRAM] int 
 Auto vars:     Size  Location     Type
  sign            1   19[COMRAM] unsigned char 
  counter         1   18[COMRAM] unsigned char 
 Return value:  Size  Location     Type
                  2   14[COMRAM] int 
 Registers used:
		wreg, status,2, status,0, prodl
 Tracked objects:
		On entry : 
		On exit  : 
		Unchanged: 
 Data sizes:     COMRAM   BANK0   BANK1   BANK2   BANK3   BANK4   BANK5   BANK6   BANK7
      Params:         4       0       0       0       0       0       0       0       0
      Locals:         2       0       0       0       0       0       0       0       0
      Temps:          0       0       0       0       0       0       0       0       0
      Totals:         6       0       0       0       0       0       0       0       0
Total ram usage:        6 bytes
 Hardware stack levels used:    1
 Hardware stack levels required when called:    1
 This function calls:
		Nothing
 This function is called by:
		_LCDWriteInt
 This function uses a non-reentrant model


 *************** function ___awdiv *****************
 Defined at:
		line 8 in file "/opt/microchip/xc8/v1.33/sources/common/awdiv.c"
 Parameters:    Size  Location     Type
  dividend        2   14[COMRAM] int 
  divisor         2   16[COMRAM] int 
 Auto vars:     Size  Location     Type
  quotient        2   20[COMRAM] int 
  sign            1   19[COMRAM] unsigned char 
  counter         1   18[COMRAM] unsigned char 
 Return value:  Size  Location     Type
                  2   14[COMRAM] int 
 Registers used:
		wreg, status,2, status,0, prodl
 Tracked objects:
		On entry : 
		On exit  : 
		Unchanged: 
 Data sizes:     COMRAM   BANK0   BANK1   BANK2   BANK3   BANK4   BANK5   BANK6   BANK7
      Params:         4       0       0       0       0       0       0       0       0
      Locals:         4       0       0       0       0       0       0       0       0
      Temps:          0       0       0       0       0       0       0       0       0
      Totals:         8       0       0       0       0       0       0       0       0
Total ram usage:        8 bytes
 Hardware stack levels used:    1
 Hardware stack levels required when called:    1
 This function calls:
		Nothing
 This function is called by:
		_LCDWriteInt
 This function uses a non-reentrant model


 *************** function _lcd_start_up *****************
 Defined at:
		line 551 in file "main_lcd.c"
 Parameters:    Size  Location     Type
		None
 Auto vars:     Size  Location     Type
  start           6    1[BANK0 ] unsigned char [6]
  st              2    9[BANK0 ] PTR const unsigned char 
		 -> lcd_start_up@start(6), 
  x_pos           1    8[BANK0 ] unsigned char 
  busy            1    7[BANK0 ] unsigned char 
 Return value:  Size  Location     Type
		None               void
 Registers used:
		wreg, fsr0l, fsr0h, fsr1l, fsr1h, fsr2l, fsr2h, status,2, status,0, tblptrl, tblptrh, tblptru, cstack
 Tracked objects:
		On entry : 
		On exit  : 
		Unchanged: 
 Data sizes:     COMRAM   BANK0   BANK1   BANK2   BANK3   BANK4   BANK5   BANK6   BANK7
      Params:         0       0       0       0       0       0       0       0       0
      Locals:         0      10       0       0       0       0       0       0       0
      Temps:          0       0       0       0       0       0       0       0       0
      Totals:         0      10       0       0       0       0       0       0       0
Total ram usage:       10 bytes
 Hardware stack levels used:    1
 Hardware stack levels required when called:    4
 This function calls:
		_LCDByte
		_LCDGotoXY
		_LCDWriteString
		__delay_10ms
 This function is called by:
		_main
 This function uses a non-reentrant model


 *************** function __delay_10ms *****************
 Defined at:
		line 81 in file "lcd_hd44780.c"
 Parameters:    Size  Location     Type
  length          2   14[COMRAM] int 
 Auto vars:     Size  Location     Type
		None
 Return value:  Size  Location     Type
		None               void
 Registers used:
		wreg, status,2, status,0
 Tracked objects:
		On entry : 
		On exit  : 
		Unchanged: 
 Data sizes:     COMRAM   BANK0   BANK1   BANK2   BANK3   BANK4   BANK5   BANK6   BANK7
      Params:         2       0       0       0       0       0       0       0       0
      Locals:         0       0       0       0       0       0       0       0       0
      Temps:          1       0       0       0       0       0       0       0       0
      Totals:         3       0       0       0       0       0       0       0       0
Total ram usage:        3 bytes
 Hardware stack levels used:    1
 Hardware stack levels required when called:    1
 This function calls:
		Nothing
 This function is called by:
		_lcd_update
		_lcd_start_up
		_lcd_connection
		_LCDWriteSmartString
 This function uses a non-reentrant model


 *************** function _LCDWriteString *****************
 Defined at:
		line 296 in file "lcd_hd44780.c"
 Parameters:    Size  Location     Type
  msg             2   23[COMRAM] PTR const unsigned char 
		 -> STR_54(3), STR_53(3), STR_52(3), STR_51(3), 
		 -> STR_50(3), STR_49(3), STR_48(3), STR_47(3), 
		 -> STR_46(3), STR_45(3), STR_44(3), STR_43(3), 
		 -> STR_42(2), STR_41(2), STR_40(11), STR_39(11), 
		 -> STR_38(3), STR_37(3), STR_36(3), STR_35(3), 
		 -> STR_34(3), STR_33(3), STR_32(3), STR_31(3), 
		 -> STR_30(3), lcd_start_up@start(6), STR_29(17), STR_28(17), 
		 -> STR_27(17), STR_26(17), STR_25(17), STR_24(17), 
		 -> STR_23(17), STR_22(17), STR_21(17), STR_20(10), 
		 -> STR_19(10), STR_18(9), STR_17(9), STR_16(9), 
		 -> STR_15(9), STR_14(9), STR_13(9), STR_12(9), 
		 -> STR_11(9), STR_10(9), STR_9(9), STR_8(9), 
		 -> STR_7(9), STR_6(17), STR_5(17), STR_4(17), 
		 -> STR_3(17), STR_2(17), STR_1(17), 
 Auto vars:     Size  Location     Type
  cc              1    0[BANK0 ] char 
 Return value:  Size  Location     Type
		None               void
 Registers used:
		wreg, fsr0l, fsr0h, status,2, status,0, tblptrl, tblptrh, tblptru, cstack
 Tracked objects:
		On entry : 
		On exit  : 
		Unchanged: 
 Data sizes:     COMRAM   BANK0   BANK1   BANK2   BANK3   BANK4   BANK5   BANK6   BANK7
      Params:         2       0       0       0       0       0       0       0       0
      Locals:         0       1       0       0       0       0       0       0       0
      Temps:          1       0       0       0       0       0       0       0       0
      Totals:         3       1       0       0       0       0       0       0       0
Total ram usage:        4 bytes
 Hardware stack levels used:    1
 Hardware stack levels required when called:    3
 This function calls:
		_LCDByte
 This function is called by:
		_lcd_update
		_lcd_start_up
		_lcd_connection
		_lcd_screensaver
 This function uses a non-reentrant model


 *************** function _LCDGotoXY *****************
 Defined at:
		line 491 in file "lcd_hd44780.c"
 Parameters:    Size  Location     Type
  x               1    wreg     unsigned char 
  y               1   23[COMRAM] unsigned char 
 Auto vars:     Size  Location     Type
  x               1   24[COMRAM] unsigned char 
 Return value:  Size  Location     Type
		None               void
 Registers used:
		wreg, status,2, status,0, cstack
 Tracked objects:
		On entry : 
		On exit  : 
		Unchanged: 
 Data sizes:     COMRAM   BANK0   BANK1   BANK2   BANK3   BANK4   BANK5   BANK6   BANK7
      Params:         1       0       0       0       0       0       0       0       0
      Locals:         1       0       0       0       0       0       0       0       0
      Temps:          0       0       0       0       0       0       0       0       0
      Totals:         2       0       0       0       0       0       0       0       0
Total ram usage:        2 bytes
 Hardware stack levels used:    1
 Hardware stack levels required when called:    3
 This function calls:
		_LCDByte
 This function is called by:
		_lcd_update
		_lcd_start_up
		_lcd_connection
		_lcd_screensaver
		_LCDWriteSmartString
 This function uses a non-reentrant model


 *************** function _init_pic *****************
 Defined at:
		line 55 in file "main_lcd.c"
 Parameters:    Size  Location     Type
		None
 Auto vars:     Size  Location     Type
		None
 Return value:  Size  Location     Type
		None               void
 Registers used:
		wreg, status,2, status,0, cstack
 Tracked objects:
		On entry : 
		On exit  : 
		Unchanged: 
 Data sizes:     COMRAM   BANK0   BANK1   BANK2   BANK3   BANK4   BANK5   BANK6   BANK7
      Params:         0       0       0       0       0       0       0       0       0
      Locals:         0       0       0       0       0       0       0       0       0
      Temps:          0       0       0       0       0       0       0       0       0
      Totals:         0       0       0       0       0       0       0       0       0
Total ram usage:        0 bytes
 Hardware stack levels used:    1
 Hardware stack levels required when called:    2
 This function calls:
		_init_timer0
		_init_uart_m
 This function is called by:
		_main
 This function uses a non-reentrant model


 *************** function _init_uart_m *****************
 Defined at:
		line 8 in file "../common_files/c/uart_m.c"
 Parameters:    Size  Location     Type
  baud            2   14[COMRAM] int 
  TX_inv          1   16[COMRAM] unsigned char 
  RX_inv          1   17[COMRAM] unsigned char 
 Auto vars:     Size  Location     Type
		None
 Return value:  Size  Location     Type
		None               void
 Registers used:
		None
 Tracked objects:
		On entry : 
		On exit  : 
		Unchanged: 
 Data sizes:     COMRAM   BANK0   BANK1   BANK2   BANK3   BANK4   BANK5   BANK6   BANK7
      Params:         4       0       0       0       0       0       0       0       0
      Locals:         0       0       0       0       0       0       0       0       0
      Temps:          0       0       0       0       0       0       0       0       0
      Totals:         4       0       0       0       0       0       0       0       0
Total ram usage:        4 bytes
 Hardware stack levels used:    1
 Hardware stack levels required when called:    1
 This function calls:
		Nothing
 This function is called by:
		_init_pic
 This function uses a non-reentrant model


 *************** function _init_timer0 *****************
 Defined at:
		line 7 in file "../common_files/c/timer0.c"
 Parameters:    Size  Location     Type
  eight_bit       1    wreg     unsigned char 
  presc           1   14[COMRAM] unsigned char 
  presc_val       1   15[COMRAM] unsigned char 
 Auto vars:     Size  Location     Type
  eight_bit       1   16[COMRAM] unsigned char 
 Return value:  Size  Location     Type
		None               void
 Registers used:
		wreg, status,2, status,0
 Tracked objects:
		On entry : 
		On exit  : 
		Unchanged: 
 Data sizes:     COMRAM   BANK0   BANK1   BANK2   BANK3   BANK4   BANK5   BANK6   BANK7
      Params:         2       0       0       0       0       0       0       0       0
      Locals:         1       0       0       0       0       0       0       0       0
      Temps:          0       0       0       0       0       0       0       0       0
      Totals:         3       0       0       0       0       0       0       0       0
Total ram usage:        3 bytes
 Hardware stack levels used:    1
 Hardware stack levels required when called:    1
 This function calls:
		Nothing
 This function is called by:
		_init_pic
 This function uses a non-reentrant model


 *************** function _enable_uart_m *****************
 Defined at:
		line 59 in file "../common_files/c/uart_m.c"
 Parameters:    Size  Location     Type
		None
 Auto vars:     Size  Location     Type
		None
 Return value:  Size  Location     Type
		None               void
 Registers used:
		None
 Tracked objects:
		On entry : 
		On exit  : 
		Unchanged: 
 Data sizes:     COMRAM   BANK0   BANK1   BANK2   BANK3   BANK4   BANK5   BANK6   BANK7
      Params:         0       0       0       0       0       0       0       0       0
      Locals:         0       0       0       0       0       0       0       0       0
      Temps:          0       0       0       0       0       0       0       0       0
      Totals:         0       0       0       0       0       0       0       0       0
Total ram usage:        0 bytes
 Hardware stack levels used:    1
 Hardware stack levels required when called:    1
 This function calls:
		Nothing
 This function is called by:
		_main
 This function uses a non-reentrant model


 *************** function _LCDInit *****************
 Defined at:
		line 198 in file "lcd_hd44780.c"
 Parameters:    Size  Location     Type
  style           1    wreg     unsigned char 
 Auto vars:     Size  Location     Type
  style           1   23[COMRAM] unsigned char 
  __i             1   24[COMRAM] unsigned char 
 Return value:  Size  Location     Type
		None               void
 Registers used:
		wreg, status,2, status,0, tblptrl, tblptrh, tblptru, prodl, prodh, cstack
 Tracked objects:
		On entry : 
		On exit  : 
		Unchanged: 
 Data sizes:     COMRAM   BANK0   BANK1   BANK2   BANK3   BANK4   BANK5   BANK6   BANK7
      Params:         0       0       0       0       0       0       0       0       0
      Locals:         2       0       0       0       0       0       0       0       0
      Temps:          0       0       0       0       0       0       0       0       0
      Totals:         2       0       0       0       0       0       0       0       0
Total ram usage:        2 bytes
 Hardware stack levels used:    1
 Hardware stack levels required when called:    3
 This function calls:
		_LCDBusyLoop
		_LCDByte
 This function is called by:
		_main
 This function uses a non-reentrant model


 *************** function _LCDByte *****************
 Defined at:
		line 88 in file "lcd_hd44780.c"
 Parameters:    Size  Location     Type
  c               1    wreg     unsigned char 
  isdata          1   17[COMRAM] unsigned char 
 Auto vars:     Size  Location     Type
  c               1   21[COMRAM] unsigned char 
  temp            1   22[COMRAM] unsigned char 
  ln              1   20[COMRAM] unsigned char 
  hn              1   19[COMRAM] unsigned char 
 Return value:  Size  Location     Type
		None               void
 Registers used:
		wreg, status,2, status,0, cstack
 Tracked objects:
		On entry : 
		On exit  : 
		Unchanged: 
 Data sizes:     COMRAM   BANK0   BANK1   BANK2   BANK3   BANK4   BANK5   BANK6   BANK7
      Params:         1       0       0       0       0       0       0       0       0
      Locals:         4       0       0       0       0       0       0       0       0
      Temps:          1       0       0       0       0       0       0       0       0
      Totals:         6       0       0       0       0       0       0       0       0
Total ram usage:        6 bytes
 Hardware stack levels used:    1
 Hardware stack levels required when called:    2
 This function calls:
		_LCDBusyLoop
 This function is called by:
		_LCDInit
		_LCDLoadCostum
		_LCDWriteString
		_LCDWriteInt
		_LCDGotoXY
		_main
		_lcd_start_up
		_lcd_screensaver
		_LCDWriteSmartString
		_LCDWriteBin
		_LCDWriteHex
 This function uses a non-reentrant model


 *************** function _LCDBusyLoop *****************
 Defined at:
		line 142 in file "lcd_hd44780.c"
 Parameters:    Size  Location     Type
		None
 Auto vars:     Size  Location     Type
  status          1   16[COMRAM] unsigned char 
  temp            1   15[COMRAM] unsigned char 
  busy            1   14[COMRAM] unsigned char 
 Return value:  Size  Location     Type
		None               void
 Registers used:
		wreg, status,2, status,0
 Tracked objects:
		On entry : 
		On exit  : 
		Unchanged: 
 Data sizes:     COMRAM   BANK0   BANK1   BANK2   BANK3   BANK4   BANK5   BANK6   BANK7
      Params:         0       0       0       0       0       0       0       0       0
      Locals:         3       0       0       0       0       0       0       0       0
      Temps:          0       0       0       0       0       0       0       0       0
      Totals:         3       0       0       0       0       0       0       0       0
Total ram usage:        3 bytes
 Hardware stack levels used:    1
 Hardware stack levels required when called:    1
 This function calls:
		Nothing
 This function is called by:
		_LCDByte
		_LCDInit
 This function uses a non-reentrant model


 *************** function _ISR *****************
 Defined at:
		line 409 in file "main_lcd.c"
 Parameters:    Size  Location     Type
		None
 Auto vars:     Size  Location     Type
		None
 Return value:  Size  Location     Type
		None               void
 Registers used:
		wreg, fsr2l, fsr2h, status,2, status,0, prodl, prodh
 Tracked objects:
		On entry : 
		On exit  : 
		Unchanged: 
 Data sizes:     COMRAM   BANK0   BANK1   BANK2   BANK3   BANK4   BANK5   BANK6   BANK7
      Params:         0       0       0       0       0       0       0       0       0
      Locals:         0       0       0       0       0       0       0       0       0
      Temps:         14       0       0       0       0       0       0       0       0
      Totals:        14       0       0       0       0       0       0       0       0
Total ram usage:       14 bytes
 Hardware stack levels used:    1
 This function calls:
		Nothing
 This function is called by:
		Interrupt level 2
 This function uses a non-reentrant model



MODULE INFORMATION

Module		Function		Class		Link	Load	Size
/opt/microchip/xc8/v1.33/sources/common/awmod.c
		___awmod       		CODE           	10C8	0000	144

/opt/microchip/xc8/v1.33/sources/common/awmod.c estimated size: 144

main_lcd.c
		_lcd_connection		CODE           	09DE	0000	384
		_init_pic      		CODE           	138C	0000	68
		_ISR           		CODE           	0008	0000	4288
		_lcd_update    		CODE           	049E	0000	912
		_main          		CODE           	001C	0000	1154
		_lcd_start_up  		CODE           	0FA2	0000	148
		_lcd_screensave		CODE           	082E	0000	432
		_read_buttons  		CODE           	11E0	0000	130

main_lcd.c estimated size: 7516

lcd_hd44780.c
		_LCDByte       		CODE           	12CE	0000	104
		_LCDLoadCostum 		CODE           	0B5E	0000	350
		_LCDWriteInt   		CODE           	0CBC	0000	322
		_LCDInit       		CODE           	1158	0000	136
		_LCDWriteString		CODE           	0DFE	0000	256
		__delay_10ms   		CODE           	1468	0000	34
		_LCDGotoXY     		CODE           	13D0	0000	64
		_LCDBusyLoop   		CODE           	1262	0000	108

lcd_hd44780.c estimated size: 1374

../common_files/c/uart_m.c
		_uart_write_blo		CODE           	148A	0000	30
		_init_uart_m   		CODE           	1410	0000	44
		_enable_uart_m 		CODE           	14B8	0000	12

../common_files/c/uart_m.c estimated size: 86

/opt/microchip/xc8/v1.33/sources/common/awdiv.c
		___awdiv       		CODE           	0EFE	0000	164

/opt/microchip/xc8/v1.33/sources/common/awdiv.c estimated size: 164

shared
		___costum0     		MEDIUMCONST    	7D8B	0000	64
		___costum1     		MEDIUMCONST    	7DCB	0000	64
		___costum2     		MEDIUMCONST    	7E0B	0000	64
		___costum3     		MEDIUMCONST    	7E4B	0000	64
		___costum4     		MEDIUMCONST    	7E8B	0000	64
		__stringdata   		MEDIUMCONST    	7EDA	0000	292
		___brght       		MEDIUMCONST    	7ECB	0000	15
		__initializatio		CODE           	1336	0000	76

shared estimated size: 703

../common_files/c/timer0.c
		_init_timer0   		CODE           	143C	0000	44

../common_files/c/timer0.c estimated size: 44

